// Jest Snapshot v1, https://goo.gl/fbAQLP

exports[`renders correctly 1`] = `
<View
  style={
    {
      "alignItems": "center",
      "flexDirection": "row",
      "height": 106.72,
      "justifyContent": "space-evenly",
      "width": 637.5,
    }
  }
>
  <TextInput
    keyboardType="numeric"
    maxLength={1}
    onChangeText={[Function]}
    style={
      {
        "borderColor": "#EFEFEF",
        "borderRadius": 5,
        "borderWidth": 2,
        "color": "#FFFFFF",
        "height": 80.03999999999999,
        "textAlign": "center",
        "width": 90,
      }
    }
    underlineColorAndroid="transparent"
    value=""
  />
  <TextInput
    keyboardType="numeric"
    maxLength={1}
    onChangeText={[Function]}
    style={
      {
        "borderColor": "#EFEFEF",
        "borderRadius": 5,
        "borderWidth": 2,
        "color": "#FFFFFF",
        "height": 80.03999999999999,
        "textAlign": "center",
        "width": 90,
      }
    }
    underlineColorAndroid="transparent"
    value=""
  />
  <TextInput
    keyboardType="numeric"
    maxLength={1}
    onChangeText={[Function]}
    style={
      {
        "borderColor": "#EFEFEF",
        "borderRadius": 5,
        "borderWidth": 2,
        "color": "#FFFFFF",
        "height": 80.03999999999999,
        "textAlign": "center",
        "width": 90,
      }
    }
    underlineColorAndroid="transparent"
    value=""
  />
  <TextInput
    keyboardType="numeric"
    maxLength={1}
    onChangeText={[Function]}
    style={
      {
        "borderColor": "#EFEFEF",
        "borderRadius": 5,
        "borderWidth": 2,
        "color": "#FFFFFF",
        "height": 80.03999999999999,
        "textAlign": "center",
        "width": 90,
      }
    }
    underlineColorAndroid="transparent"
    value=""
  />
  <TextInput
    keyboardType="numeric"
    maxLength={1}
    onChangeText={[Function]}
    style={
      {
        "borderColor": "#EFEFEF",
        "borderRadius": 5,
        "borderWidth": 2,
        "color": "#FFFFFF",
        "height": 80.03999999999999,
        "textAlign": "center",
        "width": 90,
      }
    }
    underlineColorAndroid="transparent"
    value=""
  />
  <TextInput
    keyboardType="numeric"
    maxLength={1}
    onChangeText={[Function]}
    style={
      {
        "borderColor": "#EFEFEF",
        "borderRadius": 5,
        "borderWidth": 2,
        "color": "#FFFFFF",
        "height": 80.03999999999999,
        "textAlign": "center",
        "width": 90,
      }
    }
    underlineColorAndroid="transparent"
    value=""
  />
</View>
`;
